
> krishil-portfolio@0.1.0 build
> next build

Γû▓ Next.js 16.2.2 (Turbopack)

  Creating an optimized production build ...
node.exe : 
At line:1 char:1
+ & "C:\Program 
Files\nodejs/node.exe" 
"C:\Users\Krishil Agrawal\AppDat ...
+ ~~~~~~~~~~~~~~~~~~~~~~~~~~~~~~~~~~~~
~~~~~~~~~~~~~~~~~~~~~~~~~~~~~~~~~
    + CategoryInfo          : NotSpec 
   ified: (:String) [], RemoteExcept  
  ion
    + FullyQualifiedErrorId : NativeC 
   ommandError
 
> Build error occurred
Error: Turbopack build failed with 3 
errors:
./components/blogs/GraphRagDiagram1.ts
x:17:6
Expected '</', got '!'
  [90m15 |[0m     </defs>
  [90m16 |[0m
[31m[1m>[0m [90m17 |[0m     <!-- 
[33mLEFT[0m [33mSIDE[0m ΓÇö 
[33mVector[0m [33mRAG[0m -->
  [90m   |[0m      [31m[1m^[0m
  [90m18 |[0m     <text 
x=[32m"190"[0m y=[32m"26"[0m 
textAnchor=[32m"middle"[0m 
fill=[32m"#4fffb0"[0m 
fontSize=[32m"11"[0m 
fontWeight=[32m"700"[0m...
  [90m19 |[0m
  [90m20 |[0m     <!-- 
[33mDocs[0m -->

Parsing ecmascript source code failed

Import traces:
  Client Component Browser:
    ./components/blogs/GraphRagDiagram
1.tsx [Client Component Browser]
    ./components/sections/BlogDetailMo
dal.tsx [Client Component Browser]
    ./components/sections/Blogs.tsx 
[Client Component Browser]
    ./components/sections/Blogs.tsx 
[Server Component]
    ./app/page.tsx [Server Component]

  Client Component SSR:
    ./components/blogs/GraphRagDiagram
1.tsx [Client Component SSR]
    ./components/sections/BlogDetailMo
dal.tsx [Client Component SSR]
    ./components/sections/Blogs.tsx 
[Client Component SSR]
    ./components/sections/Blogs.tsx 
[Server Component]
    ./app/page.tsx [Server Component]


./components/blogs/GraphRagDiagram2.ts
x:14:6
Expected '</', got '!'
  [90m12 |[0m     </defs>
  [90m13 |[0m
[31m[1m>[0m [90m14 |[0m     <!-- 
[33mCentral[0m node: 
[33mPerson[0m [33mX[0m -->
  [90m   |[0m      [31m[1m^[0m
  [90m15 |[0m     <circle 
cx=[32m"350"[0m cy=[32m"150"[0m 
r=[32m"40"[0m fill=[32m"rgba(124,11
1,255,0.15)"[0m 
stroke=[32m"#7c6fff"[0m stroke...
  [90m16 |[0m     <text 
x=[32m"350"[0m y=[32m"146"[0m 
textAnchor=[32m"middle"[0m 
fill=[32m"#fff"[0m 
fontSize=[32m"12"[0m 
fontWeight=[32m"700"[0m f...
  [90m17 |[0m     <text 
x=[32m"350"[0m y=[32m"162"[0m 
textAnchor=[32m"middle"[0m 
fill=[32m"#7a8099"[0m 
fontSize=[32m"9"[0m 
fontFamily=[32m"'Out...[0m

Parsing ecmascript source code failed

Import traces:
  Client Component Browser:
    ./components/blogs/GraphRagDiagram
2.tsx [Client Component Browser]
    ./components/sections/BlogDetailMo
dal.tsx [Client Component Browser]
    ./components/sections/Blogs.tsx 
[Client Component Browser]
    ./components/sections/Blogs.tsx 
[Server Component]
    ./app/page.tsx [Server Component]

  Client Component SSR:
    ./components/blogs/GraphRagDiagram
2.tsx [Client Component SSR]
    ./components/sections/BlogDetailMo
dal.tsx [Client Component SSR]
    ./components/sections/Blogs.tsx 
[Client Component SSR]
    ./components/sections/Blogs.tsx 
[Server Component]
    ./app/page.tsx [Server Component]


./components/blogs/GraphRagDiagram3.ts
x:20:6
Expected '</', got '!'
  [90m18 |[0m     </defs>
  [90m19 |[0m
[31m[1m>[0m [90m20 |[0m     <!-- 
[33mUser[0m [33mQuery[0m -->
  [90m   |[0m      [31m[1m^[0m
  [90m21 |[0m     <rect 
x=[32m"30"[0m y=[32m"96"[0m 
width=[32m"100"[0m 
height=[32m"48"[0m rx=[32m"5"[0m 
fill=[32m"#1a1e2a"[0m 
stroke=[32m"#252a38"[0m/>
  [90m22 |[0m     <text 
x=[32m"80"[0m y=[32m"116"[0m 
textAnchor=[32m"middle"[0m 
fill=[32m"#c8ccda"[0m 
fontSize=[32m"11"[0m 
fontFamily=[32m"'Out...[0m
  [90m23 |[0m     <text 
x=[32m"80"[0m y=[32m"132"[0m 
textAnchor=[32m"middle"[0m 
fill=[32m"#c8ccda"[0m 
fontSize=[32m"11"[0m 
fontFamily=[32m"'Out...[0m

Parsing ecmascript source code failed

Import traces:
  Client Component Browser:
    ./components/blogs/GraphRagDiagram
3.tsx [Client Component Browser]
    ./components/sections/BlogDetailMo
dal.tsx [Client Component Browser]
    ./components/sections/Blogs.tsx 
[Client Component Browser]
    ./components/sections/Blogs.tsx 
[Server Component]
    ./app/page.tsx [Server Component]

  Client Component SSR:
    ./components/blogs/GraphRagDiagram
3.tsx [Client Component SSR]
    ./components/sections/BlogDetailMo
dal.tsx [Client Component SSR]
    ./components/sections/Blogs.tsx 
[Client Component SSR]
    ./components/sections/Blogs.tsx 
[Server Component]
    ./app/page.tsx [Server Component]


    at <unknown> (./components/blogs/G
raphRagDiagram1.tsx:17:6)
    at <unknown> (./components/blogs/G
raphRagDiagram2.tsx:14:6)
    at <unknown> (./components/blogs/G
raphRagDiagram3.tsx:20:6)
